// Jest Snapshot v1, https://goo.gl/fbAQLP

exports[`useUpdate should throw when filter not provided to execute 1`] = `"update() should always be combined with \`filter\`"`;

exports[`useUpdate should throw when not inside Provider 1`] = `"No client has been specified using Provider."`;
