// Jest Snapshot v1, https://goo.gl/fbAQLP

exports[`useClient should throw when not inside Provider 1`] = `"No client has been specified using Provider."`;
